// Jest Snapshot v1, https://jestjs.io/docs/snapshot-testing

exports[`UserPreferences (Integration) UserPreferencesController / (GET) 1`] = `
[
  {
    "blocked": [],
    "order": 0,
    "preference": "language",
    "preferred": [
      "hu",
    ],
    "userId": "123e4567-e89b-12d3-a456-426614174000",
  },
]
`;

exports[`UserPreferences (Integration) UserPreferencesController / (POST) 1`] = `
{
  "blocked": [],
  "order": 0,
  "preference": "language",
  "preferred": [
    "hu",
  ],
  "userId": "123e4567-e89b-12d3-a456-426614174000",
}
`;

exports[`UserPreferences (Integration) UserPreferencesController /:preference (GET) 1`] = `
{
  "blocked": [],
  "order": 0,
  "preference": "language",
  "preferred": [
    "hu",
  ],
  "userId": "123e4567-e89b-12d3-a456-426614174000",
}
`;

exports[`UserPreferences (Integration) UserPreferencesController /:preference (PUT) 1`] = `
{
  "blocked": [],
  "order": 0,
  "preference": "language",
  "preferred": [
    "hu",
  ],
  "userId": "123e4567-e89b-12d3-a456-426614174000",
}
`;

exports[`UserPreferences (Integration) UserPreferencesController /reorder (POST) 1`] = `
[
  {
    "blocked": [],
    "order": 0,
    "preference": "language",
    "preferred": [
      "hu",
    ],
    "userId": "123e4567-e89b-12d3-a456-426614174000",
  },
]
`;
